C:\Users\USER\Documents\MCUXpressoIDE_24.12.148\workspace\testlcd\lpc_chip_11uxx_lib\inc/fmc_11xx.h:85:20:Chip_FMC_SetFLASHAccess	24	static
C:\Users\USER\Documents\MCUXpressoIDE_24.12.148\workspace\testlcd\lpc_chip_11uxx_lib\inc/clock_11xx.h:54:20:Chip_Clock_SetupSystemPLL	16	static
C:\Users\USER\Documents\MCUXpressoIDE_24.12.148\workspace\testlcd\lpc_chip_11uxx_lib\inc/clock_11xx.h:63:20:Chip_Clock_IsSystemPLLLocked	8	static
C:\Users\USER\Documents\MCUXpressoIDE_24.12.148\workspace\testlcd\lpc_chip_11uxx_lib\inc/clock_11xx.h:99:20:Chip_Clock_SetupUSBPLL	16	static
C:\Users\USER\Documents\MCUXpressoIDE_24.12.148\workspace\testlcd\lpc_chip_11uxx_lib\inc/clock_11xx.h:108:20:Chip_Clock_IsUSBPLLLocked	8	static
C:\Users\USER\Documents\MCUXpressoIDE_24.12.148\workspace\testlcd\lpc_chip_11uxx_lib\inc/clock_11xx.h:220:20:Chip_Clock_SetSysClockDiv	16	static
C:\Users\USER\Documents\MCUXpressoIDE_24.12.148\workspace\testlcd\lpc_chip_11uxx_lib\inc/clock_11xx.h:295:20:Chip_Clock_EnablePeriphClock	16	static
../nxp_lpcxpresso_11u14_board_lib/src/board_sysinit.c:73:13:SystemSetupClocking	16	static
../nxp_lpcxpresso_11u14_board_lib/src/board_sysinit.c:128:13:SystemSetupMuxing	24	static
../nxp_lpcxpresso_11u14_board_lib/src/board_sysinit.c:146:6:Board_SystemInit	8	static
