C:\Users\USER\Documents\MCUXpressoIDE_24.12.148\workspace\testlcd\lpc_chip_11uxx_lib\inc/uart_11xx.h:300:20:Chip_UART_TXEnable	16	static
C:\Users\USER\Documents\MCUXpressoIDE_24.12.148\workspace\testlcd\lpc_chip_11uxx_lib\inc/uart_11xx.h:404:20:Chip_UART_SetupFIFOS	16	static
C:\Users\USER\Documents\MCUXpressoIDE_24.12.148\workspace\testlcd\lpc_chip_11uxx_lib\inc/uart_11xx.h:419:20:Chip_UART_ConfigData	16	static
C:\Users\USER\Documents\MCUXpressoIDE_24.12.148\workspace\testlcd\lpc_chip_11uxx_lib\inc/gpio_11xx_1.h:102:20:Chip_GPIO_SetPinState	24	static
C:\Users\USER\Documents\MCUXpressoIDE_24.12.148\workspace\testlcd\lpc_chip_11uxx_lib\inc/gpio_11xx_1.h:128:20:Chip_GPIO_GetPinState	16	static
C:\Users\USER\Documents\MCUXpressoIDE_24.12.148\workspace\testlcd\lpc_chip_11uxx_lib\inc/gpio_11xx_1.h:153:20:Chip_GPIO_SetPinDIROutput	16	static
C:\Users\USER\Documents\MCUXpressoIDE_24.12.148\workspace\testlcd\lpc_chip_11uxx_lib\inc/gpio_11xx_1.h:165:20:Chip_GPIO_SetPinDIRInput	16	static
C:\Users\USER\Documents\MCUXpressoIDE_24.12.148\workspace\testlcd\lpc_chip_11uxx_lib\inc/gpio_11xx_1.h:449:20:Chip_GPIO_SetPinToggle	16	static
C:/nxp/MCUXpressoIDE_24.12.148/ide/plugins/com.nxp.mcuxpresso.tools.win32_24.12.0.202407110909/tools/redlib/include/sys/libconfig-arm.h:247:5:__sys_write	24	static
C:/nxp/MCUXpressoIDE_24.12.148/ide/plugins/com.nxp.mcuxpresso.tools.win32_24.12.0.202407110909/tools/redlib/include/sys/libconfig-arm.h:241:5:__sys_readc	8	static
../nxp_lpcxpresso_11u14_board_lib/src/board.c:70:6:Board_UARTPutChar	16	static
../nxp_lpcxpresso_11u14_board_lib/src/board.c:78:5:Board_UARTGetChar	16	static
../nxp_lpcxpresso_11u14_board_lib/src/board.c:91:6:Board_UARTPutSTR	16	static
../nxp_lpcxpresso_11u14_board_lib/src/board.c:101:6:Board_Debug_Init	8	static
../nxp_lpcxpresso_11u14_board_lib/src/board.c:117:13:Board_LED_Init	8	static
../nxp_lpcxpresso_11u14_board_lib/src/board.c:124:6:Board_LED_Set	16	static
../nxp_lpcxpresso_11u14_board_lib/src/board.c:132:6:Board_LED_Test	16	static
../nxp_lpcxpresso_11u14_board_lib/src/board.c:137:6:Board_LED_Toggle	16	static
../nxp_lpcxpresso_11u14_board_lib/src/board.c:145:6:Board_Init	8	static
../nxp_lpcxpresso_11u14_board_lib/src/board.c:157:6:Board_Buttons_Init	8	static
../nxp_lpcxpresso_11u14_board_lib/src/board.c:162:10:Buttons_GetStatus	16	static
../nxp_lpcxpresso_11u14_board_lib/src/board.c:171:6:Board_Joystick_Init	8	static
../nxp_lpcxpresso_11u14_board_lib/src/board.c:185:9:Joystick_GetStatus	16	static
