Archive member included to satisfy reference by file (symbol)

C:/nxp/MCUXpressoIDE_24.12.148/ide/plugins/com.nxp.mcuxpresso.tools.win32_24.12.0.202407110909/tools/bin/../lib/gcc/arm-none-eabi/13.2.1/../../../../arm-none-eabi/lib/thumb/v6-m/nofp\libcr_c.a(memcpy.o)
                              ./lpc_chip_11uxx_lib/src/ring_buffer.o (memcpy)
C:/nxp/MCUXpressoIDE_24.12.148/ide/plugins/com.nxp.mcuxpresso.tools.win32_24.12.0.202407110909/tools/bin/../lib/gcc/arm-none-eabi/13.2.1/../../../../arm-none-eabi/lib/thumb/v6-m/nofp\libcr_c.a(memset.o)
                              ./lpc_chip_11uxx_lib/src/i2c_11xx.o (memset)
C:/nxp/MCUXpressoIDE_24.12.148/ide/plugins/com.nxp.mcuxpresso.tools.win32_24.12.0.202407110909/tools/bin/../lib/gcc/arm-none-eabi/13.2.1/../../../../arm-none-eabi/lib/thumb/v6-m/nofp\libcr_c.a(__weak__main.o)
                              ./src/cr_startup_lpc11xx.o (__main)
C:/nxp/MCUXpressoIDE_24.12.148/ide/plugins/com.nxp.mcuxpresso.tools.win32_24.12.0.202407110909/tools/bin/../lib/gcc/arm-none-eabi/13.2.1/thumb/v6-m/nofp\libcr_eabihelpers.a(division_32.o)
                              ./lpc_chip_11uxx_lib/src/adc_11xx.o (__aeabi_uidiv)
C:/nxp/MCUXpressoIDE_24.12.148/ide/plugins/com.nxp.mcuxpresso.tools.win32_24.12.0.202407110909/tools/bin/../lib/gcc/arm-none-eabi/13.2.1/thumb/v6-m/nofp\libcr_eabihelpers.a(division_idiv0.o)
                              C:/nxp/MCUXpressoIDE_24.12.148/ide/plugins/com.nxp.mcuxpresso.tools.win32_24.12.0.202407110909/tools/bin/../lib/gcc/arm-none-eabi/13.2.1/thumb/v6-m/nofp\libcr_eabihelpers.a(division_32.o) (__aeabi_idiv0)
C:/nxp/MCUXpressoIDE_24.12.148/ide/plugins/com.nxp.mcuxpresso.tools.win32_24.12.0.202407110909/tools/bin/../lib/gcc/arm-none-eabi/13.2.1/thumb/v6-m/nofp\libcr_eabihelpers.a(memcpy.o)
                              C:/nxp/MCUXpressoIDE_24.12.148/ide/plugins/com.nxp.mcuxpresso.tools.win32_24.12.0.202407110909/tools/bin/../lib/gcc/arm-none-eabi/13.2.1/../../../../arm-none-eabi/lib/thumb/v6-m/nofp\libcr_c.a(memcpy.o) (__aeabi_memcpy)

Discarded input sections

 .group         0x00000000        0xc ./src/cr_startup_lpc11xx.o
 .text          0x00000000        0x0 ./src/cr_startup_lpc11xx.o
 .data          0x00000000        0x0 ./src/cr_startup_lpc11xx.o
 .bss           0x00000000        0x0 ./src/cr_startup_lpc11xx.o
 .group         0x00000000        0xc ./src/crp.o
 .group         0x00000000        0xc ./src/crp.o
 .text          0x00000000        0x0 ./src/crp.o
 .data          0x00000000        0x0 ./src/crp.o
 .bss           0x00000000        0x0 ./src/crp.o
 .debug_macro   0x00000000      0xaba ./src/crp.o
 .group         0x00000000        0xc ./src/leds.o
 .group         0x00000000        0xc ./src/leds.o
 .group         0x00000000        0xc ./src/leds.o
 .group         0x00000000        0xc ./src/leds.o
 .group         0x00000000        0xc ./src/leds.o
 .group         0x00000000        0xc ./src/leds.o
 .group         0x00000000        0xc ./src/leds.o
 .group         0x00000000        0xc ./src/leds.o
 .group         0x00000000        0xc ./src/leds.o
 .group         0x00000000        0xc ./src/leds.o
 .group         0x00000000        0xc ./src/leds.o
 .group         0x00000000        0xc ./src/leds.o
 .group         0x00000000        0xc ./src/leds.o
 .group         0x00000000        0xc ./src/leds.o
 .group         0x00000000        0xc ./src/leds.o
 .group         0x00000000        0xc ./src/leds.o
 .group         0x00000000        0xc ./src/leds.o
 .group         0x00000000        0xc ./src/leds.o
 .group         0x00000000        0xc ./src/leds.o
 .group         0x00000000        0xc ./src/leds.o
 .group         0x00000000        0xc ./src/leds.o
 .group         0x00000000        0xc ./src/leds.o
 .group         0x00000000        0xc ./src/leds.o
 .group         0x00000000        0xc ./src/leds.o
 .group         0x00000000        0xc ./src/leds.o
 .text          0x00000000        0x0 ./src/leds.o
 .data          0x00000000        0x0 ./src/leds.o
 .bss           0x00000000        0x0 ./src/leds.o
 .text.Chip_GPIO_SetPinState
                0x00000000       0x3e ./src/leds.o
 .text.Chip_GPIO_SetPinDIROutput
                0x00000000       0x50 ./src/leds.o
 .text.inicializa_leds
                0x00000000       0x58 ./src/leds.o
 .text.acende_leds
                0x00000000       0x66 ./src/leds.o
 .debug_info    0x00000000      0x2be ./src/leds.o
 .debug_abbrev  0x00000000      0x14a ./src/leds.o
 .debug_aranges
                0x00000000       0x38 ./src/leds.o
 .debug_ranges  0x00000000       0x28 ./src/leds.o
 .debug_macro   0x00000000      0x167 ./src/leds.o
 .debug_macro   0x00000000      0xaba ./src/leds.o
 .debug_macro   0x00000000       0x10 ./src/leds.o
 .debug_macro   0x00000000      0x12e ./src/leds.o
 .debug_macro   0x00000000      0x5b3 ./src/leds.o
 .debug_macro   0x00000000       0x22 ./src/leds.o
 .debug_macro   0x00000000       0x7b ./src/leds.o
 .debug_macro   0x00000000       0x10 ./src/leds.o
[...]
Memory Configuration

Name             Origin             Length             Attributes
MFlash32         0x00000000         0x00008000         xr
RamLoc8          0x10000000         0x00002000         xrw
*default*        0x00000000         0xffffffff

Linker script and memory map

LOAD ./src/cr_startup_lpc11xx.o
LOAD ./src/crp.o
LOAD ./src/leds.o
LOAD ./src/testlcd.o
LOAD ./nxp_lpcxpresso_11u14_board_lib/src/board.o
LOAD ./nxp_lpcxpresso_11u14_board_lib/src/board_sysinit.o
LOAD ./lpc_chip_11uxx_lib/src/adc_1125.o
LOAD ./lpc_chip_11uxx_lib/src/adc_11xx.o
LOAD ./lpc_chip_11uxx_lib/src/chip_11xx.o
LOAD ./lpc_chip_11uxx_lib/src/clock_11xx.o
LOAD ./lpc_chip_11uxx_lib/src/gpio_11xx_1.o
LOAD ./lpc_chip_11uxx_lib/src/gpio_11xx_2.o
LOAD ./lpc_chip_11uxx_lib/src/gpiogroup_11xx.o
LOAD ./lpc_chip_11uxx_lib/src/i2c_11xx.o
LOAD ./lpc_chip_11uxx_lib/src/iocon_11xx.o
LOAD ./lpc_chip_11uxx_lib/src/pinint_11xx.o
LOAD ./lpc_chip_11uxx_lib/src/pmu_11xx.o
LOAD ./lpc_chip_11uxx_lib/src/ring_buffer.o
LOAD ./lpc_chip_11uxx_lib/src/ssp_11xx.o
LOAD ./lpc_chip_11uxx_lib/src/sysctl_11xx.o
LOAD ./lpc_chip_11uxx_lib/src/sysinit_11xx.o
LOAD ./lpc_chip_11uxx_lib/src/timer_11xx.o
LOAD ./lpc_chip_11uxx_lib/src/uart_11xx.o
LOAD ./lpc_chip_11uxx_lib/src/wwdt_11xx.o
START GROUP
LOAD C:/nxp/MCUXpressoIDE_24.12.148/ide/plugins/com.nxp.mcuxpresso.tools.win32_24.12.0.202407110909/tools/bin/../lib/gcc/arm-none-eabi/13.2.1/../../../../arm-none-eabi/lib/thumb/v6-m/nofp\libcr_c.a
LOAD C:/nxp/MCUXpressoIDE_24.12.148/ide/plugins/com.nxp.mcuxpresso.tools.win32_24.12.0.202407110909/tools/bin/../lib/gcc/arm-none-eabi/13.2.1/thumb/v6-m/nofp\libcr_eabihelpers.a
LOAD C:/nxp/MCUXpressoIDE_24.12.148/ide/plugins/com.nxp.mcuxpresso.tools.win32_24.12.0.202407110909/tools/bin/../lib/gcc/arm-none-eabi/13.2.1/thumb/v6-m/nofp\libgcc.a
END GROUP
                0x00000000                        __base_MFlash32 = 0x0
                0x00000000                        __base_Flash = 0x0
                0x00008000                        __top_MFlash32 = 0x8000
                0x00008000                        __top_Flash = 0x8000
                0x10000000                        __base_RamLoc8 = 0x10000000
                0x10000000                        __base_RAM = 0x10000000
                0x10002000                        __top_RamLoc8 = 0x10002000
                0x10002000                        __top_RAM = 0x10002000

.text           0x00000000      0x6ec
 FILL mask 0xff
                0x00000000                        __vectors_start__ = ABSOLUTE (.)
 *(.isr_vector)
 .isr_vector    0x00000000       0xc0 ./src/cr_startup_lpc11xx.o
                0x00000000                g_pfnVectors
                0x000000c0                        . = ALIGN (0x4)
                0x000000c0                        __section_table_start = .
                0x000000c0                        __data_section_table = .
                0x000000c0        0x4 LONG 0x6ec LOADADDR (.data)
                0x000000c4        0x4 LONG 0x10000000 ADDR (.data)
                0x000000c8        0x4 LONG 0x0 SIZEOF (.data)
                0x000000cc                        __data_section_table_end = .
                0x000000cc                        __bss_section_table = .
                0x000000cc        0x4 LONG 0x10000000 ADDR (.bss)
                0x000000d0        0x4 LONG 0x0 SIZEOF (.bss)
                0x000000d4                        __bss_section_table_end = .
                0x000000d4                        __section_table_end = .
 *(.after_vectors*)
 .after_vectors
                0x000000d4      0x124 ./src/cr_startup_lpc11xx.o
                0x000000d4                data_init
                0x00000116                bss_init
                0x0000014c                ResetISR
                0x000001c8                NMI_Handler
                0x000001d0                HardFault_Handler
                0x000001d8                SVC_Handler
                0x000001e0                PendSV_Handler
                0x000001e8                SysTick_Handler
                0x000001f0                TIMER32_1_IRQHandler
                0x000001f0                IntDefaultHandler
                0x000001f0                PIOINT1_IRQHandler
                0x000001f0                CAN_IRQHandler
                0x000001f0                TIMER32_0_IRQHandler
                0x000001f0                UART_IRQHandler
                0x000001f0                TIMER16_1_IRQHandler
                0x000001f0                ADC_IRQHandler
                0x000001f0                SSP1_IRQHandler
                0x000001f0                PIOINT2_IRQHandler
                0x000001f0                BOD_IRQHandler
                0x000001f0                WAKEUP_IRQHandler
                0x000001f0                PIOINT0_IRQHandler
                0x000001f0                I2C_IRQHandler
                0x000001f0                WDT_IRQHandler
                0x000001f0                TIMER16_0_IRQHandler
                0x000001f0                SSP0_IRQHandler
                0x000001f0                PIOINT3_IRQHandler
                0x000002fc                        . = 0x2fc
 *fill*         0x000001f8      0x104 ff
                0x000002fc                        PROVIDE (__CRP_WORD_START__ = .)
 *(.crp)
 .crp           0x000002fc        0x4 ./src/crp.o
                0x000002fc                CRP_WORD
                0x00000300                        PROVIDE (__CRP_WORD_END__ = .)
                0x00000001                        ASSERT (! ((__CRP_WORD_START__ == __CRP_WORD_END__)), Linker CRP Enabled, but no CRP_WORD provided within application)
 *(.text*)
 .text.main     0x00000300      0x114 ./src/testlcd.o
                0x00000300                main
 .text.bit_set  0x00000414       0x2a ./src/testlcd.o
                0x00000414                bit_set
 .text.bit_clr  0x0000043e       0x2c ./src/testlcd.o
                0x0000043e                bit_clr
 .text.delay_us_calibrated
                0x0000046a       0x40 ./src/testlcd.o
                0x0000046a                delay_us_calibrated
 *fill*         0x000004aa        0x2 ff
 .text.delay_ms
                0x000004ac       0x38 ./src/testlcd.o
                0x000004ac                delay_ms
 .text.LCD_pulse_E
                0x000004e4       0x28 ./src/testlcd.o
                0x000004e4                LCD_pulse_E
 .text.LCD_write_4bit_mode
                0x0000050c       0xa8 ./src/testlcd.o
                0x0000050c                LCD_write_4bit_mode
 .text.LCD_comando
                0x000005b4       0x64 ./src/testlcd.o
                0x000005b4                LCD_comando
 .text.LCD_caractere
                0x00000618       0x4c ./src/testlcd.o
                0x00000618                LCD_caractere
 .text.LCD_iniciar
                0x00000664       0x80 ./src/testlcd.o
                0x00000664                LCD_iniciar
 .text.__weak_main
                0x000006e4        0x8 C:/nxp/MCUXpressoIDE_24.12.148/ide/plugins/com.nxp.mcuxpresso.tools.win32_24.12.0.202407110909/tools/bin/../lib/gcc/arm-none-eabi/13.2.1/../../../../arm-none-eabi/lib/thumb/v6-m/nofp\libcr_c.a(__weak__main.o)
                0x000006e4                __weak_main
                0x000006e4                __main
 *(.rodata .rodata.* .constdata .constdata.*)
                0x000006ec                        . = ALIGN (0x4)

.glue_7         0x000006ec        0x0
 .glue_7        0x000006ec        0x0 linker stubs

.glue_7t        0x000006ec        0x0
 .glue_7t       0x000006ec        0x0 linker stubs

.vfp11_veneer   0x000006ec        0x0
 .vfp11_veneer  0x000006ec        0x0 linker stubs

.v4_bx          0x000006ec        0x0
 .v4_bx         0x000006ec        0x0 linker stubs

.iplt           0x000006ec        0x0
 .iplt          0x000006ec        0x0 ./src/cr_startup_lpc11xx.o

.rel.dyn        0x000006ec        0x0
 .rel.iplt      0x000006ec        0x0 ./src/cr_startup_lpc11xx.o

.ARM.extab
 *(.ARM.extab* .gnu.linkonce.armextab.*)

.ARM.exidx      0x000006ec        0x0
                0x000006ec                        __exidx_start = .
 *(.ARM.exidx* .gnu.linkonce.armexidx.*)
                0x000006ec                        __exidx_end = .
                0x000006ec                        _etext = .

.uninit_RESERVED
                0x10000000        0x0
                0x10000000                        _start_uninit_RESERVED = .
 *(.bss.$RESERVED*)
                0x10000000                        . = ALIGN (0x4)
                0x10000000                        _end_uninit_RESERVED = .

.data           0x10000000        0x0 load address 0x000006ec
 FILL mask 0xff
                0x10000000                        _data = .
                [!provide]                        PROVIDE (__start_data_RAM = .)
                [!provide]                        PROVIDE (__start_data_RamLoc8 = .)
 *(vtable)
 *(.ramfunc*)
 *(CodeQuickAccess)
 *(DataQuickAccess)
 *(RamFunction)
 *(.data*)
                0x10000000                        . = ALIGN (0x4)
                0x10000000                        _edata = .
                [!provide]                        PROVIDE (__end_data_RAM = .)
                [!provide]                        PROVIDE (__end_data_RamLoc8 = .)

.igot.plt       0x10000000        0x0 load address 0x000006ec
 .igot.plt      0x10000000        0x0 ./src/cr_startup_lpc11xx.o

.bss            0x10000000        0x0
                0x10000000                        _bss = .
                [!provide]                        PROVIDE (__start_bss_RAM = .)
                [!provide]                        PROVIDE (__start_bss_RamLoc8 = .)
 *(.bss*)
 *(COMMON)
                0x10000000                        . = ALIGN (0x4)
                0x10000000                        _ebss = .
                [!provide]                        PROVIDE (__end_bss_RAM = .)
                [!provide]                        PROVIDE (__end_bss_RamLoc8 = .)
                [!provide]                        PROVIDE (end = .)

.noinit         0x10000000        0x0
                0x10000000                        _noinit = .
                [!provide]                        PROVIDE (__start_noinit_RAM = .)
                [!provide]                        PROVIDE (__start_noinit_RamLoc8 = .)
 *(.noinit*)
                0x10000000                        . = ALIGN (0x4)
                0x10000000                        _end_noinit = .
                [!provide]                        PROVIDE (__end_noinit_RAM = .)
                [!provide]                        PROVIDE (__end_noinit_RamLoc8 = .)
                [!provide]                        PROVIDE (_pvHeapStart = DEFINED (__user_heap_base)?__user_heap_base:.)
                0x10002000                        PROVIDE (_vStackTop = DEFINED (__user_stack_top)?__user_stack_top:(__top_RamLoc8 - 0x0))
                0xefffdb19                        PROVIDE (__valid_user_code_checksum = (0x0 - (((_vStackTop + (ResetISR + 0x1)) + (DEFINED (NMI_Handler)?NMI_Handler:M0_NMI_Handler + 0x1)) + (DEFINED (HardFault_Handler)?HardFault_Handler:M0_HardFault_Handler + 0x1))))
                0x00000000                        _image_start = LOADADDR (.text)
                0x000006ec                        _image_end = (LOADADDR (.data) + SIZEOF (.data))
                0x000006ec                        _image_size = (_image_end - _image_start)
OUTPUT(testlcd.axf elf32-littlearm)
LOAD linker stubs

.debug_info     0x00000000      0xc7e
 .debug_info    0x00000000      0x24c ./src/cr_startup_lpc11xx.o
 .debug_info    0x0000024c       0x40 ./src/crp.o
 .debug_info    0x0000028c      0x9a8 ./src/testlcd.o
 .debug_info    0x00000c34       0x4a C:/nxp/MCUXpressoIDE_24.12.148/ide/plugins/com.nxp.mcuxpresso.tools.win32_24.12.0.202407110909/tools/bin/../lib/gcc/arm-none-eabi/13.2.1/../../../../arm-none-eabi/lib/thumb/v6-m/nofp\libcr_c.a(__weak__main.o)

.debug_abbrev   0x00000000      0x39f
 .debug_abbrev  0x00000000      0x13c ./src/cr_startup_lpc11xx.o
 .debug_abbrev  0x0000013c       0x38 ./src/crp.o
 .debug_abbrev  0x00000174      0x1df ./src/testlcd.o
 .debug_abbrev  0x00000353       0x4c C:/nxp/MCUXpressoIDE_24.12.148/ide/plugins/com.nxp.mcuxpresso.tools.win32_24.12.0.202407110909/tools/bin/../lib/gcc/arm-none-eabi/13.2.1/../../../../arm-none-eabi/lib/thumb/v6-m/nofp\libcr_c.a(__weak__main.o)

.debug_aranges  0x00000000      0x100
 .debug_aranges
                0x00000000       0x60 ./src/cr_startup_lpc11xx.o
 .debug_aranges
                0x00000060       0x18 ./src/crp.o
 .debug_aranges
                0x00000078       0x68 ./src/testlcd.o
 .debug_aranges
                0x000000e0       0x20 C:/nxp/MCUXpressoIDE_24.12.148/ide/plugins/com.nxp.mcuxpresso.tools.win32_24.12.0.202407110909/tools/bin/../lib/gcc/arm-none-eabi/13.2.1/../../../../arm-none-eabi/lib/thumb/v6-m/nofp\libcr_c.a(__weak__main.o)

.debug_ranges   0x00000000       0xb8
 .debug_ranges  0x00000000       0x50 ./src/cr_startup_lpc11xx.o
 .debug_ranges  0x00000050       0x58 ./src/testlcd.o
 .debug_ranges  0x000000a8       0x10 C:/nxp/MCUXpressoIDE_24.12.148/ide/plugins/com.nxp.mcuxpresso.tools.win32_24.12.0.202407110909/tools/bin/../lib/gcc/arm-none-eabi/13.2.1/../../../../arm-none-eabi/lib/thumb/v6-m/nofp\libcr_c.a(__weak__main.o)

.debug_macro    0x00000000     0x1206
 .debug_macro   0x00000000       0x1d ./src/cr_startup_lpc11xx.o
 .debug_macro   0x0000001d      0xaba ./src/cr_startup_lpc11xx.o
 .debug_macro   0x00000ad7       0x1a ./src/crp.o
 .debug_macro   0x00000af1       0x34 ./src/crp.o
 .debug_macro   0x00000b25       0xf4 ./src/testlcd.o
 .debug_macro   0x00000c19       0x1c ./src/testlcd.o
 .debug_macro   0x00000c35       0x1c ./src/testlcd.o
 .debug_macro   0x00000c51       0x22 ./src/testlcd.o
 .debug_macro   0x00000c73       0xd1 ./src/testlcd.o
 .debug_macro   0x00000d44      0x391 ./src/testlcd.o
 .debug_macro   0x000010d5      0x131 ./src/testlcd.o

.debug_line     0x00000000      0x623
 .debug_line    0x00000000      0x102 ./src/cr_startup_lpc11xx.o
 .debug_line    0x00000102       0xb0 ./src/crp.o
 .debug_line    0x000001b2      0x41b ./src/testlcd.o
 .debug_line    0x000005cd       0x56 C:/nxp/MCUXpressoIDE_24.12.148/ide/plugins/com.nxp.mcuxpresso.tools.win32_24.12.0.202407110909/tools/bin/../lib/gcc/arm-none-eabi/13.2.1/../../../../arm-none-eabi/lib/thumb/v6-m/nofp\libcr_c.a(__weak__main.o)

.debug_str      0x00000000     0x6f67
 .debug_str     0x00000000     0x6f67 ./src/cr_startup_lpc11xx.o
                               0x2f6b (size before relaxing)
 .debug_str     0x00006f67     0x2ea9 ./src/crp.o
 .debug_str     0x00006f67     0x6c6a ./src/testlcd.o
 .debug_str     0x00006f67      0x127 C:/nxp/MCUXpressoIDE_24.12.148/ide/plugins/com.nxp.mcuxpresso.tools.win32_24.12.0.202407110909/tools/bin/../lib/gcc/arm-none-eabi/13.2.1/../../../../arm-none-eabi/lib/thumb/v6-m/nofp\libcr_c.a(__weak__main.o)

.comment        0x00000000       0x44
 .comment       0x00000000       0x44 ./src/cr_startup_lpc11xx.o
                                 0x45 (size before relaxing)
 .comment       0x00000044       0x45 ./src/crp.o
 .comment       0x00000044       0x45 ./src/testlcd.o
 .comment       0x00000044       0x45 C:/nxp/MCUXpressoIDE_24.12.148/ide/plugins/com.nxp.mcuxpresso.tools.win32_24.12.0.202407110909/tools/bin/../lib/gcc/arm-none-eabi/13.2.1/../../../../arm-none-eabi/lib/thumb/v6-m/nofp\libcr_c.a(__weak__main.o)

.ARM.attributes
                0x00000000       0x2a
 .ARM.attributes
                0x00000000       0x2c ./src/cr_startup_lpc11xx.o
 .ARM.attributes
                0x0000002c       0x2c ./src/crp.o
 .ARM.attributes
                0x00000058       0x2c ./src/testlcd.o
 .ARM.attributes
                0x00000084       0x2c C:/nxp/MCUXpressoIDE_24.12.148/ide/plugins/com.nxp.mcuxpresso.tools.win32_24.12.0.202407110909/tools/bin/../lib/gcc/arm-none-eabi/13.2.1/../../../../arm-none-eabi/lib/thumb/v6-m/nofp\libcr_c.a(__weak__main.o)

.debug_frame    0x00000000      0x284
 .debug_frame   0x00000000      0x118 ./src/cr_startup_lpc11xx.o
 .debug_frame   0x00000118      0x144 ./src/testlcd.o
 .debug_frame   0x0000025c       0x28 C:/nxp/MCUXpressoIDE_24.12.148/ide/plugins/com.nxp.mcuxpresso.tools.win32_24.12.0.202407110909/tools/bin/../lib/gcc/arm-none-eabi/13.2.1/../../../../arm-none-eabi/lib/thumb/v6-m/nofp\libcr_c.a(__weak__main.o)

Cross Reference Table

Symbol                                            File
ADC_IRQHandler                                    ./src/cr_startup_lpc11xx.o
BOD_IRQHandler                                    ./src/cr_startup_lpc11xx.o
Board_Buttons_Init                                ./nxp_lpcxpresso_11u14_board_lib/src/board.o
Board_Debug_Init                                  ./nxp_lpcxpresso_11u14_board_lib/src/board.o
Board_Init                                        ./nxp_lpcxpresso_11u14_board_lib/src/board.o
Board_Joystick_Init                               ./nxp_lpcxpresso_11u14_board_lib/src/board.o
Board_LED_Set                                     ./nxp_lpcxpresso_11u14_board_lib/src/board.o
Board_LED_Test                                    ./nxp_lpcxpresso_11u14_board_lib/src/board.o
Board_LED_Toggle                                  ./nxp_lpcxpresso_11u14_board_lib/src/board.o
Board_SystemInit                                  ./nxp_lpcxpresso_11u14_board_lib/src/board_sysinit.o
Board_UARTGetChar                                 ./nxp_lpcxpresso_11u14_board_lib/src/board.o
Board_UARTPutChar                                 ./nxp_lpcxpresso_11u14_board_lib/src/board.o
Board_UARTPutSTR                                  ./nxp_lpcxpresso_11u14_board_lib/src/board.o
Buttons_GetStatus                                 ./nxp_lpcxpresso_11u14_board_lib/src/board.o
CAN_IRQHandler                                    ./src/cr_startup_lpc11xx.o
CRP_WORD                                          ./src/crp.o
Chip_ADC_DeInit                                   ./lpc_chip_11uxx_lib/src/adc_11xx.o
Chip_ADC_EnableChannel                            ./lpc_chip_11uxx_lib/src/adc_11xx.o
Chip_ADC_Init                                     ./lpc_chip_11uxx_lib/src/adc_11xx.o
Chip_ADC_Int_SetChannelCmd                        ./lpc_chip_11uxx_lib/src/adc_11xx.o
Chip_ADC_ReadByte                                 ./lpc_chip_11uxx_lib/src/adc_11xx.o
Chip_ADC_ReadStatus                               ./lpc_chip_11uxx_lib/src/adc_11xx.o
Chip_ADC_ReadValue                                ./lpc_chip_11uxx_lib/src/adc_11xx.o
Chip_ADC_SetBurstCmd                              ./lpc_chip_11uxx_lib/src/adc_11xx.o
Chip_ADC_SetResolution                            ./lpc_chip_11uxx_lib/src/adc_11xx.o
Chip_ADC_SetSampleRate                            ./lpc_chip_11uxx_lib/src/adc_11xx.o
Chip_ADC_SetStartMode                             ./lpc_chip_11uxx_lib/src/adc_11xx.o
Chip_Clock_GetMainClockRate                       ./lpc_chip_11uxx_lib/src/clock_11xx.o
                                                  ./lpc_chip_11uxx_lib/src/uart_11xx.o
                                                  ./lpc_chip_11uxx_lib/src/ssp_11xx.o
                                                  ./lpc_chip_11uxx_lib/src/i2c_11xx.o
Chip_Clock_GetSystemClockRate                     ./lpc_chip_11uxx_lib/src/clock_11xx.o
                                                  ./lpc_chip_11uxx_lib/src/chip_11xx.o
                                                  ./lpc_chip_11uxx_lib/src/adc_11xx.o
Chip_Clock_GetSystemPLLInClockRate                ./lpc_chip_11uxx_lib/src/clock_11xx.o
Chip_Clock_GetSystemPLLOutClockRate               ./lpc_chip_11uxx_lib/src/clock_11xx.o
Chip_Clock_GetUSBPLLInClockRate                   ./lpc_chip_11uxx_lib/src/clock_11xx.o
Chip_Clock_GetUSBPLLOutClockRate                  ./lpc_chip_11uxx_lib/src/clock_11xx.o
Chip_Clock_GetWDTOSCRate                          ./lpc_chip_11uxx_lib/src/clock_11xx.o
Chip_Clock_SetCLKOUTSource                        ./lpc_chip_11uxx_lib/src/clock_11xx.o
Chip_Clock_SetMainClockSource                     ./lpc_chip_11uxx_lib/src/clock_11xx.o
                                                  ./lpc_chip_11uxx_lib/src/sysinit_11xx.o
                                                  ./nxp_lpcxpresso_11u14_board_lib/src/board_sysinit.o
Chip_Clock_SetPLLBypass                           ./lpc_chip_11uxx_lib/src/clock_11xx.o
Chip_Clock_SetSystemPLLSource                     ./lpc_chip_11uxx_lib/src/clock_11xx.o
                                                  ./lpc_chip_11uxx_lib/src/sysinit_11xx.o
                                                  ./nxp_lpcxpresso_11u14_board_lib/src/board_sysinit.o
Chip_Clock_SetUSBClockSource                      ./lpc_chip_11uxx_lib/src/clock_11xx.o
Chip_Clock_SetUSBPLLSource                        ./lpc_chip_11uxx_lib/src/clock_11xx.o
                                                  ./nxp_lpcxpresso_11u14_board_lib/src/board_sysinit.o
Chip_GPIO_DeInit                                  ./lpc_chip_11uxx_lib/src/gpio_11xx_1.o
Chip_GPIO_Init                                    ./lpc_chip_11uxx_lib/src/gpio_11xx_1.o
                                                  ./nxp_lpcxpresso_11u14_board_lib/src/board.o
Chip_GPIO_SetDir                                  ./lpc_chip_11uxx_lib/src/gpio_11xx_1.o
Chip_GPIO_SetPinDIR                               ./lpc_chip_11uxx_lib/src/gpio_11xx_1.o
Chip_GPIO_SetPortDIR                              ./lpc_chip_11uxx_lib/src/gpio_11xx_1.o
Chip_GPIO_WriteDirBit                             ./lpc_chip_11uxx_lib/src/gpio_11xx_1.o
Chip_I2C_DeInit                                   ./lpc_chip_11uxx_lib/src/i2c_11xx.o
Chip_I2C_Disable                                  ./lpc_chip_11uxx_lib/src/i2c_11xx.o
Chip_I2C_EventHandler                             ./lpc_chip_11uxx_lib/src/i2c_11xx.o
Chip_I2C_EventHandlerPolling                      ./lpc_chip_11uxx_lib/src/i2c_11xx.o
Chip_I2C_GetClockRate                             ./lpc_chip_11uxx_lib/src/i2c_11xx.o
Chip_I2C_GetMasterEventHandler                    ./lpc_chip_11uxx_lib/src/i2c_11xx.o
Chip_I2C_Init                                     ./lpc_chip_11uxx_lib/src/i2c_11xx.o
Chip_I2C_IsMasterActive                           ./lpc_chip_11uxx_lib/src/i2c_11xx.o
Chip_I2C_IsStateChanged                           ./lpc_chip_11uxx_lib/src/i2c_11xx.o
Chip_I2C_MasterCmdRead                            ./lpc_chip_11uxx_lib/src/i2c_11xx.o
Chip_I2C_MasterRead                               ./lpc_chip_11uxx_lib/src/i2c_11xx.o
Chip_I2C_MasterSend                               ./lpc_chip_11uxx_lib/src/i2c_11xx.o
Chip_I2C_MasterStateHandler                       ./lpc_chip_11uxx_lib/src/i2c_11xx.o
Chip_I2C_MasterTransfer                           ./lpc_chip_11uxx_lib/src/i2c_11xx.o
Chip_I2C_SetClockRate                             ./lpc_chip_11uxx_lib/src/i2c_11xx.o
Chip_I2C_SetMasterEventHandler                    ./lpc_chip_11uxx_lib/src/i2c_11xx.o
Chip_I2C_SlaveSetup                               ./lpc_chip_11uxx_lib/src/i2c_11xx.o
Chip_I2C_SlaveStateHandler                        ./lpc_chip_11uxx_lib/src/i2c_11xx.o
Chip_IOCON_PinMuxSet                              ./lpc_chip_11uxx_lib/src/iocon_11xx.o
                                                  ./nxp_lpcxpresso_11u14_board_lib/src/board_sysinit.o
                                                  ./nxp_lpcxpresso_11u14_board_lib/src/board.o
Chip_PMU_DeepPowerDownState                       ./lpc_chip_11uxx_lib/src/pmu_11xx.o
Chip_PMU_DeepSleepState                           ./lpc_chip_11uxx_lib/src/pmu_11xx.o
Chip_PMU_PowerDownState                           ./lpc_chip_11uxx_lib/src/pmu_11xx.o
Chip_PMU_Sleep                                    ./lpc_chip_11uxx_lib/src/pmu_11xx.o
Chip_PMU_SleepState                               ./lpc_chip_11uxx_lib/src/pmu_11xx.o
Chip_SSP_DeInit                                   ./lpc_chip_11uxx_lib/src/ssp_11xx.o
Chip_SSP_Init                                     ./lpc_chip_11uxx_lib/src/ssp_11xx.o
Chip_SSP_Int_FlushData                            ./lpc_chip_11uxx_lib/src/ssp_11xx.o
Chip_SSP_Int_RWFrames16Bits                       ./lpc_chip_11uxx_lib/src/ssp_11xx.o
Chip_SSP_Int_RWFrames8Bits                        ./lpc_chip_11uxx_lib/src/ssp_11xx.o
Chip_SSP_RWFrames_Blocking                        ./lpc_chip_11uxx_lib/src/ssp_11xx.o
Chip_SSP_ReadFrames_Blocking                      ./lpc_chip_11uxx_lib/src/ssp_11xx.o
Chip_SSP_SetBitRate                               ./lpc_chip_11uxx_lib/src/ssp_11xx.o
Chip_SSP_SetClockRate                             ./lpc_chip_11uxx_lib/src/ssp_11xx.o
Chip_SSP_SetMaster                                ./lpc_chip_11uxx_lib/src/ssp_11xx.o
Chip_SSP_WriteFrames_Blocking                     ./lpc_chip_11uxx_lib/src/ssp_11xx.o
Chip_SYSCTL_PowerDown                             ./lpc_chip_11uxx_lib/src/sysctl_11xx.o
                                                  ./lpc_chip_11uxx_lib/src/sysinit_11xx.o
                                                  ./lpc_chip_11uxx_lib/src/adc_11xx.o
                                                  ./nxp_lpcxpresso_11u14_board_lib/src/board_sysinit.o
Chip_SYSCTL_PowerUp                               ./lpc_chip_11uxx_lib/src/sysctl_11xx.o
                                                  ./lpc_chip_11uxx_lib/src/sysinit_11xx.o
                                                  ./lpc_chip_11uxx_lib/src/adc_11xx.o
                                                  ./nxp_lpcxpresso_11u14_board_lib/src/board_sysinit.o
Chip_SYSCTL_SetDeepSleepPD                        ./lpc_chip_11uxx_lib/src/sysctl_11xx.o
Chip_SYSCTL_SetWakeup                             ./lpc_chip_11uxx_lib/src/sysctl_11xx.o
Chip_SystemInit                                   ./lpc_chip_11uxx_lib/src/sysinit_11xx.o
Chip_TIMER_DeInit                                 ./lpc_chip_11uxx_lib/src/timer_11xx.o
Chip_TIMER_ExtMatchControlSet                     ./lpc_chip_11uxx_lib/src/timer_11xx.o
Chip_TIMER_Init                                   ./lpc_chip_11uxx_lib/src/timer_11xx.o
Chip_TIMER_Reset                                  ./lpc_chip_11uxx_lib/src/timer_11xx.o
Chip_UART_DeInit                                  ./lpc_chip_11uxx_lib/src/uart_11xx.o
Chip_UART_IRQRBHandler                            ./lpc_chip_11uxx_lib/src/uart_11xx.o
Chip_UART_Init                                    ./lpc_chip_11uxx_lib/src/uart_11xx.o
                                                  ./nxp_lpcxpresso_11u14_board_lib/src/board.o
Chip_UART_RXIntHandlerRB                          ./lpc_chip_11uxx_lib/src/uart_11xx.o
Chip_UART_Read                                    ./lpc_chip_11uxx_lib/src/uart_11xx.o
                                                  ./nxp_lpcxpresso_11u14_board_lib/src/board.o
Chip_UART_ReadBlocking                            ./lpc_chip_11uxx_lib/src/uart_11xx.o
Chip_UART_ReadRB                                  ./lpc_chip_11uxx_lib/src/uart_11xx.o
Chip_UART_Send                                    ./lpc_chip_11uxx_lib/src/uart_11xx.o
Chip_UART_SendBlocking                            ./lpc_chip_11uxx_lib/src/uart_11xx.o
                                                  ./nxp_lpcxpresso_11u14_board_lib/src/board.o
Chip_UART_SendRB                                  ./lpc_chip_11uxx_lib/src/uart_11xx.o
Chip_UART_SetBaud                                 ./lpc_chip_11uxx_lib/src/uart_11xx.o
                                                  ./nxp_lpcxpresso_11u14_board_lib/src/board.o
Chip_UART_SetBaudFDR                              ./lpc_chip_11uxx_lib/src/uart_11xx.o
Chip_UART_TXIntHandlerRB                          ./lpc_chip_11uxx_lib/src/uart_11xx.o
Chip_WWDT_ClearStatusFlag                         ./lpc_chip_11uxx_lib/src/wwdt_11xx.o
Chip_WWDT_DeInit                                  ./lpc_chip_11uxx_lib/src/wwdt_11xx.o
Chip_WWDT_Init                                    ./lpc_chip_11uxx_lib/src/wwdt_11xx.o
ExtRateIn                                         ./nxp_lpcxpresso_11u14_board_lib/src/board.o
HardFault_Handler                                 ./src/cr_startup_lpc11xx.o
I2C_IRQHandler                                    ./src/cr_startup_lpc11xx.o
IntDefaultHandler                                 ./src/cr_startup_lpc11xx.o
Joystick_GetStatus                                ./nxp_lpcxpresso_11u14_board_lib/src/board.o
LCD_caractere                                     ./src/testlcd.o
LCD_comando                                       ./src/testlcd.o
LCD_iniciar                                       ./src/testlcd.o
LCD_pulse_E                                       ./src/testlcd.o
LCD_write_4bit_mode                               ./src/testlcd.o
NMI_Handler                                       ./src/cr_startup_lpc11xx.o
OscRateIn                                         ./nxp_lpcxpresso_11u14_board_lib/src/board.o
                                                  ./lpc_chip_11uxx_lib/src/clock_11xx.o
PIOINT0_IRQHandler                                ./src/cr_startup_lpc11xx.o
PIOINT1_IRQHandler                                ./src/cr_startup_lpc11xx.o
PIOINT2_IRQHandler                                ./src/cr_startup_lpc11xx.o
PIOINT3_IRQHandler                                ./src/cr_startup_lpc11xx.o
PendSV_Handler                                    ./src/cr_startup_lpc11xx.o
ResetISR                                          ./src/cr_startup_lpc11xx.o
RingBuffer_Init                                   ./lpc_chip_11uxx_lib/src/ring_buffer.o
RingBuffer_Insert                                 ./lpc_chip_11uxx_lib/src/ring_buffer.o
                                                  ./lpc_chip_11uxx_lib/src/uart_11xx.o
RingBuffer_InsertMult                             ./lpc_chip_11uxx_lib/src/ring_buffer.o
                                                  ./lpc_chip_11uxx_lib/src/uart_11xx.o
RingBuffer_Pop                                    ./lpc_chip_11uxx_lib/src/ring_buffer.o
                                                  ./lpc_chip_11uxx_lib/src/uart_11xx.o
RingBuffer_PopMult                                ./lpc_chip_11uxx_lib/src/ring_buffer.o
                                                  ./lpc_chip_11uxx_lib/src/uart_11xx.o
SSP0_IRQHandler                                   ./src/cr_startup_lpc11xx.o
SSP1_IRQHandler                                   ./src/cr_startup_lpc11xx.o
SVC_Handler                                       ./src/cr_startup_lpc11xx.o
SysTick_Handler                                   ./src/cr_startup_lpc11xx.o
SystemCoreClock                                   ./lpc_chip_11uxx_lib/src/chip_11xx.o
SystemCoreClockUpdate                             ./lpc_chip_11uxx_lib/src/chip_11xx.o
TIMER16_0_IRQHandler                              ./src/cr_startup_lpc11xx.o
TIMER16_1_IRQHandler                              ./src/cr_startup_lpc11xx.o
TIMER32_0_IRQHandler                              ./src/cr_startup_lpc11xx.o
TIMER32_1_IRQHandler                              ./src/cr_startup_lpc11xx.o
UART_IRQHandler                                   ./src/cr_startup_lpc11xx.o
WAKEUP_IRQHandler                                 ./src/cr_startup_lpc11xx.o
WDT_IRQHandler                                    ./src/cr_startup_lpc11xx.o
__aeabi_idiv                                      C:/nxp/MCUXpressoIDE_24.12.148/ide/plugins/com.nxp.mcuxpresso.tools.win32_24.12.0.202407110909/tools/bin/../lib/gcc/arm-none-eabi/13.2.1/thumb/v6-m/nofp\libcr_eabihelpers.a(division_32.o)
__aeabi_idiv0                                     C:/nxp/MCUXpressoIDE_24.12.148/ide/plugins/com.nxp.mcuxpresso.tools.win32_24.12.0.202407110909/tools/bin/../lib/gcc/arm-none-eabi/13.2.1/thumb/v6-m/nofp\libcr_eabihelpers.a(division_idiv0.o)
                                                  C:/nxp/MCUXpressoIDE_24.12.148/ide/plugins/com.nxp.mcuxpresso.tools.win32_24.12.0.202407110909/tools/bin/../lib/gcc/arm-none-eabi/13.2.1/thumb/v6-m/nofp\libcr_eabihelpers.a(division_32.o)
__aeabi_idivmod                                   C:/nxp/MCUXpressoIDE_24.12.148/ide/plugins/com.nxp.mcuxpresso.tools.win32_24.12.0.202407110909/tools/bin/../lib/gcc/arm-none-eabi/13.2.1/thumb/v6-m/nofp\libcr_eabihelpers.a(division_32.o)
__aeabi_lowlevel_memset                           C:/nxp/MCUXpressoIDE_24.12.148/ide/plugins/com.nxp.mcuxpresso.tools.win32_24.12.0.202407110909/tools/bin/../lib/gcc/arm-none-eabi/13.2.1/thumb/v6-m/nofp\libcr_eabihelpers.a(memcpy.o)
                                                  C:/nxp/MCUXpressoIDE_24.12.148/ide/plugins/com.nxp.mcuxpresso.tools.win32_24.12.0.202407110909/tools/bin/../lib/gcc/arm-none-eabi/13.2.1/../../../../arm-none-eabi/lib/thumb/v6-m/nofp\libcr_c.a(memset.o)
__aeabi_memclr                                    C:/nxp/MCUXpressoIDE_24.12.148/ide/plugins/com.nxp.mcuxpresso.tools.win32_24.12.0.202407110909/tools/bin/../lib/gcc/arm-none-eabi/13.2.1/thumb/v6-m/nofp\libcr_eabihelpers.a(memcpy.o)
__aeabi_memclr4                                   C:/nxp/MCUXpressoIDE_24.12.148/ide/plugins/com.nxp.mcuxpresso.tools.win32_24.12.0.202407110909/tools/bin/../lib/gcc/arm-none-eabi/13.2.1/thumb/v6-m/nofp\libcr_eabihelpers.a(memcpy.o)
__aeabi_memclr8                                   C:/nxp/MCUXpressoIDE_24.12.148/ide/plugins/com.nxp.mcuxpresso.tools.win32_24.12.0.202407110909/tools/bin/../lib/gcc/arm-none-eabi/13.2.1/thumb/v6-m/nofp\libcr_eabihelpers.a(memcpy.o)
__aeabi_memcpy                                    C:/nxp/MCUXpressoIDE_24.12.148/ide/plugins/com.nxp.mcuxpresso.tools.win32_24.12.0.202407110909/tools/bin/../lib/gcc/arm-none-eabi/13.2.1/thumb/v6-m/nofp\libcr_eabihelpers.a(memcpy.o)
                                                  C:/nxp/MCUXpressoIDE_24.12.148/ide/plugins/com.nxp.mcuxpresso.tools.win32_24.12.0.202407110909/tools/bin/../lib/gcc/arm-none-eabi/13.2.1/../../../../arm-none-eabi/lib/thumb/v6-m/nofp\libcr_c.a(memcpy.o)
__aeabi_memcpy4                                   C:/nxp/MCUXpressoIDE_24.12.148/ide/plugins/com.nxp.mcuxpresso.tools.win32_24.12.0.202407110909/tools/bin/../lib/gcc/arm-none-eabi/13.2.1/thumb/v6-m/nofp\libcr_eabihelpers.a(memcpy.o)
__aeabi_memcpy8                                   C:/nxp/MCUXpressoIDE_24.12.148/ide/plugins/com.nxp.mcuxpresso.tools.win32_24.12.0.202407110909/tools/bin/../lib/gcc/arm-none-eabi/13.2.1/thumb/v6-m/nofp\libcr_eabihelpers.a(memcpy.o)
__aeabi_memmove                                   C:/nxp/MCUXpressoIDE_24.12.148/ide/plugins/com.nxp.mcuxpresso.tools.win32_24.12.0.202407110909/tools/bin/../lib/gcc/arm-none-eabi/13.2.1/thumb/v6-m/nofp\libcr_eabihelpers.a(memcpy.o)
__aeabi_memmove4                                  C:/nxp/MCUXpressoIDE_24.12.148/ide/plugins/com.nxp.mcuxpresso.tools.win32_24.12.0.202407110909/tools/bin/../lib/gcc/arm-none-eabi/13.2.1/thumb/v6-m/nofp\libcr_eabihelpers.a(memcpy.o)
__aeabi_memmove8                                  C:/nxp/MCUXpressoIDE_24.12.148/ide/plugins/com.nxp.mcuxpresso.tools.win32_24.12.0.202407110909/tools/bin/../lib/gcc/arm-none-eabi/13.2.1/thumb/v6-m/nofp\libcr_eabihelpers.a(memcpy.o)
__aeabi_memset                                    C:/nxp/MCUXpressoIDE_24.12.148/ide/plugins/com.nxp.mcuxpresso.tools.win32_24.12.0.202407110909/tools/bin/../lib/gcc/arm-none-eabi/13.2.1/thumb/v6-m/nofp\libcr_eabihelpers.a(memcpy.o)
__aeabi_memset4                                   C:/nxp/MCUXpressoIDE_24.12.148/ide/plugins/com.nxp.mcuxpresso.tools.win32_24.12.0.202407110909/tools/bin/../lib/gcc/arm-none-eabi/13.2.1/thumb/v6-m/nofp\libcr_eabihelpers.a(memcpy.o)
__aeabi_memset8                                   C:/nxp/MCUXpressoIDE_24.12.148/ide/plugins/com.nxp.mcuxpresso.tools.win32_24.12.0.202407110909/tools/bin/../lib/gcc/arm-none-eabi/13.2.1/thumb/v6-m/nofp\libcr_eabihelpers.a(memcpy.o)
__aeabi_uidiv                                     C:/nxp/MCUXpressoIDE_24.12.148/ide/plugins/com.nxp.mcuxpresso.tools.win32_24.12.0.202407110909/tools/bin/../lib/gcc/arm-none-eabi/13.2.1/thumb/v6-m/nofp\libcr_eabihelpers.a(division_32.o)
                                                  ./lpc_chip_11uxx_lib/src/uart_11xx.o
                                                  ./lpc_chip_11uxx_lib/src/ssp_11xx.o
                                                  ./lpc_chip_11uxx_lib/src/i2c_11xx.o
                                                  ./lpc_chip_11uxx_lib/src/clock_11xx.o
                                                  ./lpc_chip_11uxx_lib/src/adc_11xx.o
__aeabi_uidivmod                                  C:/nxp/MCUXpressoIDE_24.12.148/ide/plugins/com.nxp.mcuxpresso.tools.win32_24.12.0.202407110909/tools/bin/../lib/gcc/arm-none-eabi/13.2.1/thumb/v6-m/nofp\libcr_eabihelpers.a(division_32.o)
                                                  ./lpc_chip_11uxx_lib/src/uart_11xx.o
__bss_section_table_end                           ./src/cr_startup_lpc11xx.o
__data_section_table                              ./src/cr_startup_lpc11xx.o
__data_section_table_end                          ./src/cr_startup_lpc11xx.o
__main                                            C:/nxp/MCUXpressoIDE_24.12.148/ide/plugins/com.nxp.mcuxpresso.tools.win32_24.12.0.202407110909/tools/bin/../lib/gcc/arm-none-eabi/13.2.1/../../../../arm-none-eabi/lib/thumb/v6-m/nofp\libcr_c.a(__weak__main.o)
                                                  ./src/cr_startup_lpc11xx.o
__sys_readc                                       ./nxp_lpcxpresso_11u14_board_lib/src/board.o
__sys_write                                       ./nxp_lpcxpresso_11u14_board_lib/src/board.o
__valid_user_code_checksum                        ./src/cr_startup_lpc11xx.o
__weak_main                                       C:/nxp/MCUXpressoIDE_24.12.148/ide/plugins/com.nxp.mcuxpresso.tools.win32_24.12.0.202407110909/tools/bin/../lib/gcc/arm-none-eabi/13.2.1/../../../../arm-none-eabi/lib/thumb/v6-m/nofp\libcr_c.a(__weak__main.o)
_vStackTop                                        ./src/cr_startup_lpc11xx.o
acende_leds                                       ./src/leds.o
bit_clr                                           ./src/testlcd.o
bit_set                                           ./src/testlcd.o
bss_init                                          ./src/cr_startup_lpc11xx.o
data_init                                         ./src/cr_startup_lpc11xx.o
delay_ms                                          ./src/testlcd.o
delay_us_calibrated                               ./src/testlcd.o
g_pfnVectors                                      ./src/cr_startup_lpc11xx.o
getSlaveIndex                                     ./lpc_chip_11uxx_lib/src/i2c_11xx.o
handleMasterXferState                             ./lpc_chip_11uxx_lib/src/i2c_11xx.o
handleSlaveXferState                              ./lpc_chip_11uxx_lib/src/i2c_11xx.o
inicializa_leds                                   ./src/leds.o
main                                              ./src/testlcd.o
                                                  C:/nxp/MCUXpressoIDE_24.12.148/ide/plugins/com.nxp.mcuxpresso.tools.win32_24.12.0.202407110909/tools/bin/../lib/gcc/arm-none-eabi/13.2.1/../../../../arm-none-eabi/lib/thumb/v6-m/nofp\libcr_c.a(__weak__main.o)
memcpy                                            C:/nxp/MCUXpressoIDE_24.12.148/ide/plugins/com.nxp.mcuxpresso.tools.win32_24.12.0.202407110909/tools/bin/../lib/gcc/arm-none-eabi/13.2.1/../../../../arm-none-eabi/lib/thumb/v6-m/nofp\libcr_c.a(memcpy.o)
                                                  ./lpc_chip_11uxx_lib/src/ring_buffer.o
memset                                            C:/nxp/MCUXpressoIDE_24.12.148/ide/plugins/com.nxp.mcuxpresso.tools.win32_24.12.0.202407110909/tools/bin/../lib/gcc/arm-none-eabi/13.2.1/../../../../arm-none-eabi/lib/thumb/v6-m/nofp\libcr_c.a(memset.o)
                                                  ./lpc_chip_11uxx_lib/src/i2c_11xx.o
readAdcVal                                        ./lpc_chip_11uxx_lib/src/adc_11xx.o
setStartMode                                      ./lpc_chip_11uxx_lib/src/adc_11xx.o
