C:\Users\USER\Documents\MCUXpressoIDE_24.12.148\workspace\testlcd\lpc_chip_11uxx_lib\inc/gpio_11xx_1.h:102:20:Chip_GPIO_SetPinState	24	static
C:\Users\USER\Documents\MCUXpressoIDE_24.12.148\workspace\testlcd\lpc_chip_11uxx_lib\inc/gpio_11xx_1.h:153:20:Chip_GPIO_SetPinDIROutput	16	static
../src/lcd.c:63:6:bit_set	16	static
../src/lcd.c:72:6:bit_clr	16	static
../src/lcd.c:82:6:delay_ms	24	static
../src/lcd.c:102:13:LCD_pulso_enable	8	static
../src/lcd.c:118:13:LCD_escrever_4bits	16	static
../src/lcd.c:138:6:LCD_iniciar	8	static
../src/lcd.c:209:6:LCD_comando	16	static
../src/lcd.c:231:6:LCD_caractere	16	static
../src/lcd.c:248:6:LCD_string	16	static
../src/lcd.c:260:6:LCD_limpar	8	static
../src/lcd.c:270:6:LCD_posicionar	24	static
../src/lcd.c:289:6:LCD_caractere_personalizado	32	static
../src/lcd.c:307:6:LCD_Init	8	static
../src/lcd.c:311:6:LCD_SendCommand	16	static
../src/lcd.c:315:6:LCD_SendChar	16	static
../src/lcd.c:319:6:LCD_SendString	16	static
../src/lcd.c:323:6:LCD_Clear	8	static
../src/lcd.c:327:6:LCD_SetCursor	16	static
../src/lcd.c:331:6:LCD_CreateCustomChar	16	static
../src/lcd.c:335:6:teste_hardware_lcd	8	static
