../src/var.c:17:6:varInit	8	static
../src/var.c:32:6:getState	8	static
../src/var.c:36:6:setState	16	static
../src/var.c:41:6:getTimeString	16	static
../src/var.c:54:6:incrementTimeMinute	8	static
../src/var.c:59:6:decrementTimeMinute	8	static
../src/var.c:66:5:getAlarmeTreshMax	8	static
../src/var.c:70:6:incrementAlarmeTreshMax	8	static
../src/var.c:74:6:decrementAlarmeTreshMax	8	static
../src/var.c:78:5:getAlarmeTreshMin	8	static
../src/var.c:82:6:incrementAlarmeTreshMin	8	static
../src/var.c:86:6:decrementAlarmeTreshMin	8	static
../src/var.c:90:6:getLanguage	8	static
../src/var.c:94:6:setLanguage	16	static
